[2026-04-29 16:34:34] Email send failed to virungahomestay@gmail.com: SMTP Error: Could not authenticate.
[2026-04-29 16:34:34] Email send failed to info@virungaecotours.com: SMTP Error: Could not authenticate.
[2026-04-29 16:34:34] Some notification emails failed: virungahomestay@gmail.com, info@virungaecotours.com
[2026-04-29 16:34:35] Email send failed to sydlahzd@bekommenmail.com: SMTP Error: Could not authenticate.
[2026-04-29 16:34:35] Customer contact confirmation failed for sydlahzd@bekommenmail.com
[2026-04-29 16:49:13] Email send failed to virungahomestay@gmail.com: SMTP Error: Could not authenticate.
[2026-04-29 16:49:13] Email send failed to info@virungaecotours.com: SMTP Error: Could not authenticate.
[2026-04-29 16:49:13] Some notification emails failed: virungahomestay@gmail.com, info@virungaecotours.com
[2026-04-29 16:49:14] Email send failed to dvrbfujx@duhastmail.com: SMTP Error: Could not authenticate.
[2026-04-29 16:49:14] Customer contact confirmation failed for dvrbfujx@duhastmail.com
[2026-04-29 21:08:18] Email send failed to virungahomestay@gmail.com: SMTP Error: Could not authenticate.
[2026-04-29 21:08:19] Email send failed to info@virungaecotours.com: SMTP Error: Could not authenticate.
[2026-04-29 21:08:19] Some notification emails failed: virungahomestay@gmail.com, info@virungaecotours.com
[2026-04-29 21:08:19] Email send failed to jptqocpi@duhastmail.com: SMTP Error: Could not authenticate.
[2026-04-29 21:08:19] Customer contact confirmation failed for jptqocpi@duhastmail.com
[2026-04-30 11:57:24] Email send failed to virungahomestay@gmail.com: SMTP Error: Could not authenticate.
[2026-04-30 11:57:24] Email send failed to info@virungaecotours.com: SMTP Error: Could not authenticate.
[2026-04-30 11:57:24] Some notification emails failed: virungahomestay@gmail.com, info@virungaecotours.com
[2026-04-30 11:57:25] Email send failed to bhshgd@yi.xwwei.com: SMTP Error: Could not authenticate.
[2026-04-30 11:57:25] Customer contact confirmation failed for bhshgd@yi.xwwei.com
[2026-04-30 11:59:28] Email send failed to virungahomestay@gmail.com: SMTP Error: Could not authenticate.
[2026-04-30 11:59:28] Email send failed to info@virungaecotours.com: SMTP Error: Could not authenticate.
[2026-04-30 11:59:28] Some notification emails failed: virungahomestay@gmail.com, info@virungaecotours.com
[2026-04-30 11:59:29] Email send failed to jwmnvt@yi.xwwei.com: SMTP Error: Could not authenticate.
[2026-04-30 11:59:29] Customer contact confirmation failed for jwmnvt@yi.xwwei.com
[2026-04-30 14:07:19] Email send failed to virungahomestay@gmail.com: SMTP Error: Could not authenticate.
[2026-04-30 14:07:19] Email send failed to info@virungaecotours.com: SMTP Error: Could not authenticate.
[2026-04-30 14:07:19] Some notification emails failed: virungahomestay@gmail.com, info@virungaecotours.com
[2026-04-30 14:07:20] Email send failed to xkpwnjup@bekommenmail.com: SMTP Error: Could not authenticate.
[2026-04-30 14:07:20] Customer contact confirmation failed for xkpwnjup@bekommenmail.com
[2026-04-30 15:40:10] Email send failed to virungahomestay@gmail.com: SMTP Error: Could not authenticate.
[2026-04-30 15:40:10] Email send failed to info@virungaecotours.com: SMTP Error: Could not authenticate.
[2026-04-30 15:40:10] Some notification emails failed: virungahomestay@gmail.com, info@virungaecotours.com
[2026-04-30 15:40:11] Email send failed to bhshgd@yi.xwwei.com: SMTP Error: Could not authenticate.
[2026-04-30 15:40:11] Customer contact confirmation failed for bhshgd@yi.xwwei.com
[2026-04-30 16:27:48] Email send failed to virungahomestay@gmail.com: SMTP Error: Could not authenticate.
[2026-04-30 16:27:48] Email send failed to info@virungaecotours.com: SMTP Error: Could not authenticate.
[2026-04-30 16:27:48] Some notification emails failed: virungahomestay@gmail.com, info@virungaecotours.com
[2026-04-30 16:27:49] Email send failed to jwmnvt@yi.xwwei.com: SMTP Error: Could not authenticate.
[2026-04-30 16:27:49] Customer contact confirmation failed for jwmnvt@yi.xwwei.com
[2026-04-30 17:04:35] Email send failed to virungahomestay@gmail.com: SMTP Error: Could not authenticate.
[2026-04-30 17:04:36] Email send failed to info@virungaecotours.com: SMTP Error: Could not authenticate.
[2026-04-30 17:04:36] Some notification emails failed: virungahomestay@gmail.com, info@virungaecotours.com
[2026-04-30 17:04:36] Email send failed to bhshgd@yi.xwwei.com: SMTP Error: Could not authenticate.
[2026-04-30 17:04:36] Customer contact confirmation failed for bhshgd@yi.xwwei.com
[2026-04-30 17:04:37] Email send failed to virungahomestay@gmail.com: SMTP Error: Could not authenticate.
[2026-04-30 17:04:38] Email send failed to info@virungaecotours.com: SMTP Error: Could not authenticate.
[2026-04-30 17:04:38] Some notification emails failed: virungahomestay@gmail.com, info@virungaecotours.com
[2026-04-30 17:04:38] Email send failed to jwmnvt@yi.xwwei.com: SMTP Error: Could not authenticate.
[2026-04-30 17:04:38] Customer contact confirmation failed for jwmnvt@yi.xwwei.com
[2026-04-30 20:51:31] Email send failed to virungahomestay@gmail.com: SMTP Error: Could not authenticate.
[2026-04-30 20:51:31] Email send failed to info@virungaecotours.com: SMTP Error: Could not authenticate.
[2026-04-30 20:51:31] Some notification emails failed: virungahomestay@gmail.com, info@virungaecotours.com
[2026-04-30 20:51:32] Email send failed to bhshgd@yi.xwwei.com: SMTP Error: Could not authenticate.
[2026-04-30 20:51:32] Customer contact confirmation failed for bhshgd@yi.xwwei.com
[2026-04-30 20:51:33] Email send failed to virungahomestay@gmail.com: SMTP Error: Could not authenticate.
[2026-04-30 20:51:34] Email send failed to info@virungaecotours.com: SMTP Error: Could not authenticate.
[2026-04-30 20:51:34] Some notification emails failed: virungahomestay@gmail.com, info@virungaecotours.com
[2026-04-30 20:51:34] Email send failed to jwmnvt@yi.xwwei.com: SMTP Error: Could not authenticate.
[2026-04-30 20:51:34] Customer contact confirmation failed for jwmnvt@yi.xwwei.com
[2026-05-01 15:59:17] Email send failed to virungahomestay@gmail.com: SMTP Error: Could not authenticate.
[2026-05-01 15:59:18] Email send failed to info@virungaecotours.com: SMTP Error: Could not authenticate.
[2026-05-01 15:59:18] Some notification emails failed: virungahomestay@gmail.com, info@virungaecotours.com
[2026-05-01 15:59:18] Email send failed to syhtfvqt@legenmail.com: SMTP Error: Could not authenticate.
[2026-05-01 15:59:18] Customer contact confirmation failed for syhtfvqt@legenmail.com
[2026-05-02 02:12:20] Email send failed to virungahomestay@gmail.com: SMTP Error: Could not authenticate.
[2026-05-02 02:12:21] Email send failed to info@virungaecotours.com: SMTP Error: Could not authenticate.
[2026-05-02 02:12:21] Some notification emails failed: virungahomestay@gmail.com, info@virungaecotours.com
[2026-05-02 02:12:21] Email send failed to syhtfvqt@legenmail.com: SMTP Error: Could not authenticate.
[2026-05-02 02:12:21] Customer contact confirmation failed for syhtfvqt@legenmail.com
[2026-05-03 21:30:16] Email send failed to virungahomestay@gmail.com: SMTP Error: Could not authenticate.
[2026-05-03 21:30:16] Email send failed to info@virungaecotours.com: SMTP Error: Could not authenticate.
[2026-05-03 21:30:16] Some notification emails failed: virungahomestay@gmail.com, info@virungaecotours.com
[2026-05-03 21:30:17] Email send failed to d862vp@yi.xwwei.com: SMTP Error: Could not authenticate.
[2026-05-03 21:30:17] Customer contact confirmation failed for d862vp@yi.xwwei.com
[2026-05-03 21:32:20] Email send failed to virungahomestay@gmail.com: SMTP Error: Could not authenticate.
[2026-05-03 21:32:20] Email send failed to info@virungaecotours.com: SMTP Error: Could not authenticate.
[2026-05-03 21:32:20] Some notification emails failed: virungahomestay@gmail.com, info@virungaecotours.com
[2026-05-03 21:32:21] Email send failed to wkn4rb@yi.xwwei.com: SMTP Error: Could not authenticate.
[2026-05-03 21:32:21] Customer contact confirmation failed for wkn4rb@yi.xwwei.com
[2026-05-04 08:45:25] Email send failed to virungahomestay@gmail.com: SMTP Error: Could not authenticate.
[2026-05-04 08:45:26] Email send failed to info@virungaecotours.com: SMTP Error: Could not authenticate.
[2026-05-04 08:45:26] Some notification emails failed: virungahomestay@gmail.com, info@virungaecotours.com
[2026-05-04 08:45:26] Email send failed to wkn4rb@yi.xwwei.com: SMTP Error: Could not authenticate.
[2026-05-04 08:45:26] Customer contact confirmation failed for wkn4rb@yi.xwwei.com
[2026-05-04 12:02:34] Email send failed to virungahomestay@gmail.com: SMTP Error: Could not authenticate.
[2026-05-04 12:02:35] Email send failed to info@virungaecotours.com: SMTP Error: Could not authenticate.
[2026-05-04 12:02:35] Some notification emails failed: virungahomestay@gmail.com, info@virungaecotours.com
[2026-05-04 12:02:35] Email send failed to wkn4rb@yi.xwwei.com: SMTP Error: Could not authenticate.
[2026-05-04 12:02:35] Customer contact confirmation failed for wkn4rb@yi.xwwei.com
[2026-05-04 18:05:19] Email send failed to virungahomestay@gmail.com: SMTP Error: Could not authenticate.
[2026-05-04 18:05:20] Email send failed to info@virungaecotours.com: SMTP Error: Could not authenticate.
[2026-05-04 18:05:20] Some notification emails failed: virungahomestay@gmail.com, info@virungaecotours.com
[2026-05-04 18:05:20] Email send failed to williams.beth1990@yahoo.com: SMTP Error: Could not authenticate.
[2026-05-04 18:05:20] Customer contact confirmation failed for williams.beth1990@yahoo.com
[2026-05-04 21:26:56] Email send failed to virungahomestay@gmail.com: SMTP Error: Could not authenticate.
[2026-05-04 21:26:57] Email send failed to info@virungaecotours.com: SMTP Error: Could not authenticate.
[2026-05-04 21:26:57] Some notification emails failed: virungahomestay@gmail.com, info@virungaecotours.com
[2026-05-04 21:26:57] Email send failed to williams.beth1990@yahoo.com: SMTP Error: Could not authenticate.
[2026-05-04 21:26:57] Customer contact confirmation failed for williams.beth1990@yahoo.com
[2026-05-05 15:45:10] Email send failed to virungahomestay@gmail.com: SMTP Error: Could not authenticate.
[2026-05-05 15:45:11] Email send failed to info@virungaecotours.com: SMTP Error: Could not authenticate.
[2026-05-05 15:45:11] Some notification emails failed: virungahomestay@gmail.com, info@virungaecotours.com
[2026-05-05 15:45:11] Email send failed to ibg2p2@wz.ddip88.com: SMTP Error: Could not authenticate.
[2026-05-05 15:45:11] Customer contact confirmation failed for ibg2p2@wz.ddip88.com
[2026-05-06 11:47:43] Email send failed to virungahomestay@gmail.com: SMTP Error: Could not authenticate.
[2026-05-06 11:47:43] Email send failed to info@virungaecotours.com: SMTP Error: Could not authenticate.
[2026-05-06 11:47:43] Some notification emails failed: virungahomestay@gmail.com, info@virungaecotours.com
[2026-05-06 11:47:43] Email send failed to cujx6d@wz.ddip88.com: SMTP Error: Could not authenticate.
[2026-05-06 11:47:43] Customer contact confirmation failed for cujx6d@wz.ddip88.com
[2026-05-06 13:40:30] Email send failed to virungahomestay@gmail.com: SMTP Error: Could not authenticate.
[2026-05-06 13:40:31] Email send failed to info@virungaecotours.com: SMTP Error: Could not authenticate.
[2026-05-06 13:40:31] Some notification emails failed: virungahomestay@gmail.com, info@virungaecotours.com
[2026-05-06 13:40:31] Email send failed to yyszty@wz.ddip88.com: SMTP Error: Could not authenticate.
[2026-05-06 13:40:31] Customer contact confirmation failed for yyszty@wz.ddip88.com
[2026-05-06 17:24:48] Email send failed to virungahomestay@gmail.com: SMTP Error: Could not authenticate.
[2026-05-06 17:24:49] Email send failed to info@virungaecotours.com: SMTP Error: Could not authenticate.
[2026-05-06 17:24:49] Some notification emails failed: virungahomestay@gmail.com, info@virungaecotours.com
[2026-05-06 17:24:49] Email send failed to yyszty@wz.ddip88.com: SMTP Error: Could not authenticate.
[2026-05-06 17:24:49] Customer contact confirmation failed for yyszty@wz.ddip88.com
[2026-05-06 21:12:09] Email send failed to virungahomestay@gmail.com: SMTP Error: Could not authenticate.
[2026-05-06 21:12:09] Email send failed to info@virungaecotours.com: SMTP Error: Could not authenticate.
[2026-05-06 21:12:09] Some notification emails failed: virungahomestay@gmail.com, info@virungaecotours.com
[2026-05-06 21:12:10] Email send failed to gitdkvrt@duhastmail.com: SMTP Error: Could not authenticate.
[2026-05-06 21:12:10] Customer contact confirmation failed for gitdkvrt@duhastmail.com
[2026-05-07 00:39:25] Email send failed to virungahomestay@gmail.com: SMTP Error: Could not authenticate.
[2026-05-07 00:39:25] Email send failed to info@virungaecotours.com: SMTP Error: Could not authenticate.
[2026-05-07 00:39:25] Some notification emails failed: virungahomestay@gmail.com, info@virungaecotours.com
[2026-05-07 00:39:26] Email send failed to gitdkvrt@duhastmail.com: SMTP Error: Could not authenticate.
[2026-05-07 00:39:26] Customer contact confirmation failed for gitdkvrt@duhastmail.com
[2026-05-07 05:28:58] Email send failed to virungahomestay@gmail.com: SMTP Error: Could not authenticate.
[2026-05-07 05:28:58] Email send failed to info@virungaecotours.com: SMTP Error: Could not authenticate.
[2026-05-07 05:28:58] Some notification emails failed: virungahomestay@gmail.com, info@virungaecotours.com
[2026-05-07 10:52:18] Email send failed to virungahomestay@gmail.com: SMTP Error: Could not authenticate.
[2026-05-07 10:52:18] Email send failed to info@virungaecotours.com: SMTP Error: Could not authenticate.
[2026-05-07 10:52:18] Some notification emails failed: virungahomestay@gmail.com, info@virungaecotours.com
[2026-05-07 10:52:19] Email send failed to gitdkvrt@duhastmail.com: SMTP Error: Could not authenticate.
[2026-05-07 10:52:19] Customer contact confirmation failed for gitdkvrt@duhastmail.com
[2026-05-07 10:56:02] Email send failed to virungahomestay@gmail.com: SMTP Error: Could not authenticate.
[2026-05-07 10:56:03] Email send failed to info@virungaecotours.com: SMTP Error: Could not authenticate.
[2026-05-07 10:56:03] Some notification emails failed: virungahomestay@gmail.com, info@virungaecotours.com
[2026-05-07 10:56:03] Email send failed to cbczcmlh@legenmail.com: SMTP Error: Could not authenticate.
[2026-05-07 10:56:03] Customer contact confirmation failed for cbczcmlh@legenmail.com
[2026-05-07 14:39:11] Email send failed to virungahomestay@gmail.com: SMTP Error: Could not authenticate.
[2026-05-07 14:39:11] Email send failed to info@virungaecotours.com: SMTP Error: Could not authenticate.
[2026-05-07 14:39:11] Some notification emails failed: virungahomestay@gmail.com, info@virungaecotours.com
[2026-05-07 14:39:12] Email send failed to gitdkvrt@duhastmail.com: SMTP Error: Could not authenticate.
[2026-05-07 14:39:12] Customer contact confirmation failed for gitdkvrt@duhastmail.com
[2026-05-07 14:46:03] Email send failed to virungahomestay@gmail.com: SMTP Error: Could not authenticate.
[2026-05-07 14:46:03] Email send failed to info@virungaecotours.com: SMTP Error: Could not authenticate.
[2026-05-07 14:46:03] Some notification emails failed: virungahomestay@gmail.com, info@virungaecotours.com
[2026-05-07 14:46:03] Email send failed to cbczcmlh@legenmail.com: SMTP Error: Could not authenticate.
[2026-05-07 14:46:03] Customer contact confirmation failed for cbczcmlh@legenmail.com
[2026-05-08 12:12:29] Email send failed to virungahomestay@gmail.com: SMTP Error: Could not authenticate.
[2026-05-08 12:12:29] Email send failed to info@virungaecotours.com: SMTP Error: Could not authenticate.
[2026-05-08 12:12:29] Some notification emails failed: virungahomestay@gmail.com, info@virungaecotours.com
[2026-05-08 12:12:30] Email send failed to sales@masters.tidbuy.com: SMTP Error: Could not authenticate.
[2026-05-08 12:12:30] Customer contact confirmation failed for sales@masters.tidbuy.com
[2026-05-09 14:28:36] Email send failed to virungahomestay@gmail.com: SMTP Error: Could not authenticate.
[2026-05-09 14:28:37] Email send failed to info@virungaecotours.com: SMTP Error: Could not authenticate.
[2026-05-09 14:28:37] Some notification emails failed: virungahomestay@gmail.com, info@virungaecotours.com
[2026-05-09 14:28:37] Email send failed to k7pt7k@wz.ddip88.com: SMTP Error: Could not authenticate.
[2026-05-09 14:28:37] Customer contact confirmation failed for k7pt7k@wz.ddip88.com
[2026-05-09 14:29:58] Email send failed to virungahomestay@gmail.com: SMTP Error: Could not authenticate.
[2026-05-09 14:29:59] Email send failed to info@virungaecotours.com: SMTP Error: Could not authenticate.
[2026-05-09 14:29:59] Some notification emails failed: virungahomestay@gmail.com, info@virungaecotours.com
[2026-05-09 14:29:59] Email send failed to eilwsv@wz.ddip88.com: SMTP Error: Could not authenticate.
[2026-05-09 14:29:59] Customer contact confirmation failed for eilwsv@wz.ddip88.com
[2026-05-09 19:17:00] Email send failed to virungahomestay@gmail.com: SMTP Error: Could not authenticate.
[2026-05-09 19:17:01] Email send failed to info@virungaecotours.com: SMTP Error: Could not authenticate.
[2026-05-09 19:17:01] Some notification emails failed: virungahomestay@gmail.com, info@virungaecotours.com
[2026-05-09 19:17:01] Email send failed to k7pt7k@wz.ddip88.com: SMTP Error: Could not authenticate.
[2026-05-09 19:17:01] Customer contact confirmation failed for k7pt7k@wz.ddip88.com
[2026-05-09 21:32:25] Email send failed to virungahomestay@gmail.com: SMTP Error: Could not authenticate.
[2026-05-09 21:32:25] Email send failed to info@virungaecotours.com: SMTP Error: Could not authenticate.
[2026-05-09 21:32:25] Some notification emails failed: virungahomestay@gmail.com, info@virungaecotours.com
[2026-05-09 21:32:26] Email send failed to eilwsv@wz.ddip88.com: SMTP Error: Could not authenticate.
[2026-05-09 21:32:26] Customer contact confirmation failed for eilwsv@wz.ddip88.com
[2026-05-10 00:45:28] Email send failed to virungahomestay@gmail.com: SMTP Error: Could not authenticate.
[2026-05-10 00:45:29] Email send failed to info@virungaecotours.com: SMTP Error: Could not authenticate.
[2026-05-10 00:45:29] Some notification emails failed: virungahomestay@gmail.com, info@virungaecotours.com
[2026-05-10 00:45:29] Email send failed to ojjames2023@gmail.com: SMTP Error: Could not authenticate.
[2026-05-10 00:45:29] Customer contact confirmation failed for ojjames2023@gmail.com
[2026-05-10 01:26:06] Email send failed to virungahomestay@gmail.com: SMTP Error: Could not authenticate.
[2026-05-10 01:26:07] Email send failed to info@virungaecotours.com: SMTP Error: Could not authenticate.
[2026-05-10 01:26:07] Some notification emails failed: virungahomestay@gmail.com, info@virungaecotours.com
[2026-05-10 01:26:07] Email send failed to eilwsv@wz.ddip88.com: SMTP Error: Could not authenticate.
[2026-05-10 01:26:07] Customer contact confirmation failed for eilwsv@wz.ddip88.com
[2026-05-11 01:03:55] Email send failed to virungahomestay@gmail.com: SMTP Error: Could not authenticate.
[2026-05-11 01:03:55] Email send failed to info@virungaecotours.com: SMTP Error: Could not authenticate.
[2026-05-11 01:03:55] Some notification emails failed: virungahomestay@gmail.com, info@virungaecotours.com
[2026-05-11 01:03:55] Email send failed to gemmamarshall811@gmail.com: SMTP Error: Could not authenticate.
[2026-05-11 01:03:55] Customer contact confirmation failed for gemmamarshall811@gmail.com
[2026-05-16 12:09:50] Email send failed to virungahomestay@gmail.com: SMTP Error: Could not authenticate.
[2026-05-16 12:09:50] Email send failed to info@virungaecotours.com: SMTP Error: Could not authenticate.
[2026-05-16 12:09:50] Some notification emails failed: virungahomestay@gmail.com, info@virungaecotours.com
[2026-05-16 12:09:50] Email send failed to g8rbz4w@dzhi.org: SMTP Error: Could not authenticate.
[2026-05-16 12:09:50] Customer contact confirmation failed for g8rbz4w@dzhi.org
[2026-05-16 14:32:59] Email send failed to virungahomestay@gmail.com: SMTP Error: Could not authenticate.
[2026-05-16 14:33:00] Email send failed to info@virungaecotours.com: SMTP Error: Could not authenticate.
[2026-05-16 14:33:00] Some notification emails failed: virungahomestay@gmail.com, info@virungaecotours.com
[2026-05-16 14:33:00] Email send failed to pinedaanne455730@yahoo.com: SMTP Error: Could not authenticate.
[2026-05-16 14:33:00] Customer contact confirmation failed for pinedaanne455730@yahoo.com
[2026-05-16 15:32:40] Email send failed to virungahomestay@gmail.com: SMTP Error: Could not authenticate.
[2026-05-16 15:32:40] Email send failed to info@virungaecotours.com: SMTP Error: Could not authenticate.
[2026-05-16 15:32:40] Some notification emails failed: virungahomestay@gmail.com, info@virungaecotours.com
[2026-05-16 15:32:41] Email send failed to g8rbz4w@dzhi.org: SMTP Error: Could not authenticate.
[2026-05-16 15:32:41] Customer contact confirmation failed for g8rbz4w@dzhi.org
[2026-05-19 22:28:31] Email send failed to virungahomestay@gmail.com: SMTP Error: Could not authenticate.
[2026-05-19 22:28:31] Email send failed to info@virungaecotours.com: SMTP Error: Could not authenticate.
[2026-05-19 22:28:31] Some notification emails failed: virungahomestay@gmail.com, info@virungaecotours.com
[2026-05-19 22:28:32] Email send failed to sebksx@si.llanhai.com: SMTP Error: Could not authenticate.
[2026-05-19 22:28:32] Customer contact confirmation failed for sebksx@si.llanhai.com
[2026-05-20 01:58:33] Email send failed to virungahomestay@gmail.com: SMTP Error: Could not authenticate.
[2026-05-20 01:58:33] Email send failed to info@virungaecotours.com: SMTP Error: Could not authenticate.
[2026-05-20 01:58:33] Some notification emails failed: virungahomestay@gmail.com, info@virungaecotours.com
[2026-05-20 01:58:34] Email send failed to sebksx@si.llanhai.com: SMTP Error: Could not authenticate.
[2026-05-20 01:58:34] Customer contact confirmation failed for sebksx@si.llanhai.com
[2026-05-21 10:46:34] Email send failed to virungahomestay@gmail.com: SMTP Error: Could not authenticate.
[2026-05-21 10:46:34] Email send failed to info@virungaecotours.com: SMTP Error: Could not authenticate.
[2026-05-21 10:46:34] Some notification emails failed: virungahomestay@gmail.com, info@virungaecotours.com
[2026-05-21 10:46:35] Email send failed to 8rxghc@si.llanhai.com: SMTP Error: Could not authenticate.
[2026-05-21 10:46:35] Customer contact confirmation failed for 8rxghc@si.llanhai.com
[2026-05-21 11:06:53] Email send failed to virungahomestay@gmail.com: SMTP Error: Could not authenticate.
[2026-05-21 11:06:54] Email send failed to info@virungaecotours.com: SMTP Error: Could not authenticate.
[2026-05-21 11:06:54] Some notification emails failed: virungahomestay@gmail.com, info@virungaecotours.com
[2026-05-21 11:06:54] Email send failed to owkdfmcl@bekommenmail.com: SMTP Error: Could not authenticate.
[2026-05-21 11:06:54] Customer contact confirmation failed for owkdfmcl@bekommenmail.com
[2026-05-21 11:33:03] Email send failed to virungahomestay@gmail.com: SMTP Error: Could not authenticate.
[2026-05-21 11:33:04] Email send failed to info@virungaecotours.com: SMTP Error: Could not authenticate.
[2026-05-21 11:33:04] Some notification emails failed: virungahomestay@gmail.com, info@virungaecotours.com
[2026-05-21 11:33:04] Email send failed to siwqqzin@bekommenmail.com: SMTP Error: Could not authenticate.
[2026-05-21 11:33:04] Customer contact confirmation failed for siwqqzin@bekommenmail.com
[2026-05-21 13:57:13] Email send failed to virungahomestay@gmail.com: SMTP Error: Could not authenticate.
[2026-05-21 13:57:13] Email send failed to info@virungaecotours.com: SMTP Error: Could not authenticate.
[2026-05-21 13:57:13] Some notification emails failed: virungahomestay@gmail.com, info@virungaecotours.com
[2026-05-21 13:57:14] Email send failed to owkdfmcl@bekommenmail.com: SMTP Error: Could not authenticate.
[2026-05-21 13:57:14] Customer contact confirmation failed for owkdfmcl@bekommenmail.com
[2026-05-21 17:40:24] Email send failed to virungahomestay@gmail.com: SMTP Error: Could not authenticate.
[2026-05-21 17:40:24] Email send failed to info@virungaecotours.com: SMTP Error: Could not authenticate.
[2026-05-21 17:40:24] Some notification emails failed: virungahomestay@gmail.com, info@virungaecotours.com
[2026-05-21 17:40:25] Email send failed to owkdfmcl@bekommenmail.com: SMTP Error: Could not authenticate.
[2026-05-21 17:40:25] Customer contact confirmation failed for owkdfmcl@bekommenmail.com
[2026-05-21 20:10:02] Email send failed to virungahomestay@gmail.com: SMTP Error: Could not authenticate.
[2026-05-21 20:10:02] Email send failed to info@virungaecotours.com: SMTP Error: Could not authenticate.
[2026-05-21 20:10:02] Some notification emails failed: virungahomestay@gmail.com, info@virungaecotours.com
[2026-05-21 20:10:02] Email send failed to siwqqzin@bekommenmail.com: SMTP Error: Could not authenticate.
[2026-05-21 20:10:02] Customer contact confirmation failed for siwqqzin@bekommenmail.com
[2026-05-21 20:28:48] Email send failed to virungahomestay@gmail.com: SMTP Error: Could not authenticate.
[2026-05-21 20:28:48] Email send failed to info@virungaecotours.com: SMTP Error: Could not authenticate.
[2026-05-21 20:28:48] Some notification emails failed: virungahomestay@gmail.com, info@virungaecotours.com
[2026-05-21 20:28:49] Email send failed to owkdfmcl@bekommenmail.com: SMTP Error: Could not authenticate.
[2026-05-21 20:28:49] Customer contact confirmation failed for owkdfmcl@bekommenmail.com
[2026-05-21 23:20:52] Email send failed to virungahomestay@gmail.com: SMTP Error: Could not authenticate.
[2026-05-21 23:20:52] Email send failed to info@virungaecotours.com: SMTP Error: Could not authenticate.
[2026-05-21 23:20:52] Some notification emails failed: virungahomestay@gmail.com, info@virungaecotours.com
[2026-05-21 23:20:52] Email send failed to siwqqzin@bekommenmail.com: SMTP Error: Could not authenticate.
[2026-05-21 23:20:52] Customer contact confirmation failed for siwqqzin@bekommenmail.com
[2026-05-22 20:21:30] Email send failed to virungahomestay@gmail.com: SMTP Error: Could not authenticate.
[2026-05-22 20:21:30] Email send failed to info@virungaecotours.com: SMTP Error: Could not authenticate.
[2026-05-22 20:21:30] Some notification emails failed: virungahomestay@gmail.com, info@virungaecotours.com
[2026-05-22 20:21:31] Email send failed to iola.delatte42@msn.com: SMTP Error: Could not authenticate.
[2026-05-22 20:21:31] Customer contact confirmation failed for iola.delatte42@msn.com
[2026-05-24 13:44:21] Email send failed to virungahomestay@gmail.com: SMTP Error: Could not authenticate.
[2026-05-24 13:44:21] Email send failed to info@virungaecotours.com: SMTP Error: Could not authenticate.
[2026-05-24 13:44:21] Some notification emails failed: virungahomestay@gmail.com, info@virungaecotours.com
[2026-05-24 13:44:22] Email send failed to uyxppo@si.llanhai.com: SMTP Error: Could not authenticate.
[2026-05-24 13:44:22] Customer contact confirmation failed for uyxppo@si.llanhai.com
[2026-05-26 16:45:35] Email send failed to virungahomestay@gmail.com: SMTP Error: Could not authenticate.
[2026-05-26 16:45:35] Email send failed to info@virungaecotours.com: SMTP Error: Could not authenticate.
[2026-05-26 16:45:35] Some notification emails failed: virungahomestay@gmail.com, info@virungaecotours.com
[2026-05-26 16:45:35] Email send failed to ajcbdlcj@bekommenmail.com: SMTP Error: Could not authenticate.
[2026-05-26 16:45:35] Customer contact confirmation failed for ajcbdlcj@bekommenmail.com
[2026-05-26 23:40:05] Email send failed to virungahomestay@gmail.com: SMTP Error: Could not authenticate.
[2026-05-26 23:40:05] Email send failed to info@virungaecotours.com: SMTP Error: Could not authenticate.
[2026-05-26 23:40:05] Some notification emails failed: virungahomestay@gmail.com, info@virungaecotours.com
[2026-05-26 23:40:05] Email send failed to perry.mcswain@outlook.com: SMTP Error: Could not authenticate.
[2026-05-26 23:40:05] Customer contact confirmation failed for perry.mcswain@outlook.com
[2026-05-26 23:48:44] Email send failed to virungahomestay@gmail.com: SMTP Error: Could not authenticate.
[2026-05-26 23:48:44] Email send failed to info@virungaecotours.com: SMTP Error: Could not authenticate.
[2026-05-26 23:48:44] Some notification emails failed: virungahomestay@gmail.com, info@virungaecotours.com
[2026-05-26 23:48:45] Email send failed to drxsnlzu@legenmail.com: SMTP Error: Could not authenticate.
[2026-05-26 23:48:45] Customer contact confirmation failed for drxsnlzu@legenmail.com
[2026-05-26 23:53:52] Email send failed to virungahomestay@gmail.com: SMTP Error: Could not authenticate.
[2026-05-26 23:53:52] Email send failed to info@virungaecotours.com: SMTP Error: Could not authenticate.
[2026-05-26 23:53:52] Some notification emails failed: virungahomestay@gmail.com, info@virungaecotours.com
[2026-05-26 23:53:53] Email send failed to ajcbdlcj@bekommenmail.com: SMTP Error: Could not authenticate.
[2026-05-26 23:53:53] Customer contact confirmation failed for ajcbdlcj@bekommenmail.com
[2026-05-27 02:45:31] Email send failed to virungahomestay@gmail.com: SMTP Error: Could not authenticate.
[2026-05-27 02:45:31] Email send failed to info@virungaecotours.com: SMTP Error: Could not authenticate.
[2026-05-27 02:45:31] Some notification emails failed: virungahomestay@gmail.com, info@virungaecotours.com
[2026-05-27 02:45:32] Email send failed to drxsnlzu@legenmail.com: SMTP Error: Could not authenticate.
[2026-05-27 02:45:32] Customer contact confirmation failed for drxsnlzu@legenmail.com
[2026-05-27 03:00:35] Email send failed to virungahomestay@gmail.com: SMTP Error: Could not authenticate.
[2026-05-27 03:00:35] Email send failed to info@virungaecotours.com: SMTP Error: Could not authenticate.
[2026-05-27 03:00:35] Some notification emails failed: virungahomestay@gmail.com, info@virungaecotours.com
[2026-05-27 03:00:36] Email send failed to ajcbdlcj@bekommenmail.com: SMTP Error: Could not authenticate.
[2026-05-27 03:00:36] Customer contact confirmation failed for ajcbdlcj@bekommenmail.com
[2026-06-02 15:00:20] Email send failed to virungahomestay@gmail.com: SMTP Error: Could not authenticate.
[2026-06-02 15:00:20] Email send failed to info@virungaecotours.com: SMTP Error: Could not authenticate.
[2026-06-02 15:00:20] Some notification emails failed: virungahomestay@gmail.com, info@virungaecotours.com
[2026-06-02 15:00:20] Email send failed to 78xcc6v@si.llanhai.com: SMTP Error: Could not authenticate.
[2026-06-02 15:00:20] Customer contact confirmation failed for 78xcc6v@si.llanhai.com
[2026-06-02 18:08:25] Email send failed to virungahomestay@gmail.com: SMTP Error: Could not authenticate.
[2026-06-02 18:08:25] Email send failed to info@virungaecotours.com: SMTP Error: Could not authenticate.
[2026-06-02 18:08:25] Some notification emails failed: virungahomestay@gmail.com, info@virungaecotours.com
[2026-06-02 18:08:25] Email send failed to joannariggs278@gmail.com: SMTP Error: Could not authenticate.
[2026-06-02 18:08:25] Customer contact confirmation failed for joannariggs278@gmail.com
[2026-06-02 18:10:07] Email send failed to virungahomestay@gmail.com: SMTP Error: Could not authenticate.
[2026-06-02 18:10:07] Email send failed to info@virungaecotours.com: SMTP Error: Could not authenticate.
[2026-06-02 18:10:07] Some notification emails failed: virungahomestay@gmail.com, info@virungaecotours.com
[2026-06-02 18:10:07] Email send failed to 78xcc6v@si.llanhai.com: SMTP Error: Could not authenticate.
[2026-06-02 18:10:07] Customer contact confirmation failed for 78xcc6v@si.llanhai.com
[2026-06-02 20:15:25] Email send failed to virungahomestay@gmail.com: SMTP Error: Could not authenticate.
[2026-06-02 20:15:25] Email send failed to info@virungaecotours.com: SMTP Error: Could not authenticate.
[2026-06-02 20:15:25] Some notification emails failed: virungahomestay@gmail.com, info@virungaecotours.com
[2026-06-02 20:15:26] Email send failed to mgfgvig@si.llanhai.com: SMTP Error: Could not authenticate.
[2026-06-02 20:15:26] Customer contact confirmation failed for mgfgvig@si.llanhai.com
[2026-06-02 20:33:30] Email send failed to virungahomestay@gmail.com: SMTP Error: Could not authenticate.
[2026-06-02 20:33:30] Email send failed to info@virungaecotours.com: SMTP Error: Could not authenticate.
[2026-06-02 20:33:30] Some notification emails failed: virungahomestay@gmail.com, info@virungaecotours.com
[2026-06-02 20:33:31] Email send failed to oiwc0gp@si.llanhai.com: SMTP Error: Could not authenticate.
[2026-06-02 20:33:31] Customer contact confirmation failed for oiwc0gp@si.llanhai.com
[2026-06-02 23:06:57] Email send failed to virungahomestay@gmail.com: SMTP Error: Could not authenticate.
[2026-06-02 23:06:58] Email send failed to info@virungaecotours.com: SMTP Error: Could not authenticate.
[2026-06-02 23:06:58] Some notification emails failed: virungahomestay@gmail.com, info@virungaecotours.com
[2026-06-02 23:06:58] Email send failed to 78xcc6v@si.llanhai.com: SMTP Error: Could not authenticate.
[2026-06-02 23:06:58] Customer contact confirmation failed for 78xcc6v@si.llanhai.com
[2026-06-03 02:16:37] Email send failed to virungahomestay@gmail.com: SMTP Error: Could not authenticate.
[2026-06-03 02:16:37] Email send failed to info@virungaecotours.com: SMTP Error: Could not authenticate.
[2026-06-03 02:16:37] Some notification emails failed: virungahomestay@gmail.com, info@virungaecotours.com
[2026-06-03 02:16:38] Email send failed to 78xcc6v@si.llanhai.com: SMTP Error: Could not authenticate.
[2026-06-03 02:16:38] Customer contact confirmation failed for 78xcc6v@si.llanhai.com
[2026-06-03 13:56:25] Email send failed to virungahomestay@gmail.com: SMTP Error: Could not authenticate.
[2026-06-03 13:56:26] Email send failed to info@virungaecotours.com: SMTP Error: Could not authenticate.
[2026-06-03 13:56:26] Some notification emails failed: virungahomestay@gmail.com, info@virungaecotours.com
[2026-06-03 13:56:26] Email send failed to vx4zbqt@si.llanhai.com: SMTP Error: Could not authenticate.
[2026-06-03 13:56:26] Customer contact confirmation failed for vx4zbqt@si.llanhai.com
[2026-06-03 17:14:33] Email send failed to virungahomestay@gmail.com: SMTP Error: Could not authenticate.
[2026-06-03 17:14:33] Email send failed to info@virungaecotours.com: SMTP Error: Could not authenticate.
[2026-06-03 17:14:33] Some notification emails failed: virungahomestay@gmail.com, info@virungaecotours.com
[2026-06-03 17:14:33] Email send failed to vx4zbqt@si.llanhai.com: SMTP Error: Could not authenticate.
[2026-06-03 17:14:33] Customer contact confirmation failed for vx4zbqt@si.llanhai.com
[2026-06-06 00:44:28] Email send failed to virungahomestay@gmail.com: SMTP Error: Could not authenticate.
[2026-06-06 00:44:28] Email send failed to info@virungaecotours.com: SMTP Error: Could not authenticate.
[2026-06-06 00:44:28] Some notification emails failed: virungahomestay@gmail.com, info@virungaecotours.com
[2026-06-06 00:44:29] Email send failed to nkjqecvb@legenmail.com: SMTP Error: Could not authenticate.
[2026-06-06 00:44:29] Customer contact confirmation failed for nkjqecvb@legenmail.com
[2026-06-06 03:56:10] Email send failed to virungahomestay@gmail.com: SMTP Error: Could not authenticate.
[2026-06-06 03:56:10] Email send failed to info@virungaecotours.com: SMTP Error: Could not authenticate.
[2026-06-06 03:56:10] Some notification emails failed: virungahomestay@gmail.com, info@virungaecotours.com
[2026-06-06 03:56:11] Email send failed to nkjqecvb@legenmail.com: SMTP Error: Could not authenticate.
[2026-06-06 03:56:11] Customer contact confirmation failed for nkjqecvb@legenmail.com
[2026-06-07 03:13:49] Email send failed to virungahomestay@gmail.com: SMTP Error: Could not authenticate.
[2026-06-07 03:13:49] Email send failed to info@virungaecotours.com: SMTP Error: Could not authenticate.
[2026-06-07 03:13:49] Some notification emails failed: virungahomestay@gmail.com, info@virungaecotours.com
[2026-06-07 03:13:50] Email send failed to rxqgn46@jy.ddip88.com: SMTP Error: Could not authenticate.
[2026-06-07 03:13:50] Customer contact confirmation failed for rxqgn46@jy.ddip88.com
[2026-06-07 06:35:13] Email send failed to virungahomestay@gmail.com: SMTP Error: Could not authenticate.
[2026-06-07 06:35:14] Email send failed to info@virungaecotours.com: SMTP Error: Could not authenticate.
[2026-06-07 06:35:14] Some notification emails failed: virungahomestay@gmail.com, info@virungaecotours.com
[2026-06-07 06:35:14] Email send failed to rxqgn46@jy.ddip88.com: SMTP Error: Could not authenticate.
[2026-06-07 06:35:14] Customer contact confirmation failed for rxqgn46@jy.ddip88.com
[2026-06-12 03:34:43] Email send failed to virungahomestay@gmail.com: SMTP Error: Could not authenticate.
[2026-06-12 03:34:43] Email send failed to info@virungaecotours.com: SMTP Error: Could not authenticate.
[2026-06-12 03:34:43] Some notification emails failed: virungahomestay@gmail.com, info@virungaecotours.com
[2026-06-12 03:34:43] Email send failed to gemmamarshall811@gmail.com: SMTP Error: Could not authenticate.
[2026-06-12 03:34:43] Customer contact confirmation failed for gemmamarshall811@gmail.com
[2026-06-13 00:47:42] Email send failed to virungahomestay@gmail.com: SMTP Error: Could not authenticate.
[2026-06-13 00:47:43] Email send failed to info@virungaecotours.com: SMTP Error: Could not authenticate.
[2026-06-13 00:47:43] Some notification emails failed: virungahomestay@gmail.com, info@virungaecotours.com
[2026-06-13 00:47:43] Email send failed to vlawxqfd@fuhrenmail.com: SMTP Error: Could not authenticate.
[2026-06-13 00:47:43] Customer contact confirmation failed for vlawxqfd@fuhrenmail.com
[2026-06-13 03:54:35] Email send failed to virungahomestay@gmail.com: SMTP Error: Could not authenticate.
[2026-06-13 03:54:36] Email send failed to info@virungaecotours.com: SMTP Error: Could not authenticate.
[2026-06-13 03:54:36] Some notification emails failed: virungahomestay@gmail.com, info@virungaecotours.com
[2026-06-13 03:54:36] Email send failed to vlawxqfd@fuhrenmail.com: SMTP Error: Could not authenticate.
[2026-06-13 03:54:36] Customer contact confirmation failed for vlawxqfd@fuhrenmail.com
[2026-06-13 15:12:39] Email send failed to virungahomestay@gmail.com: SMTP Error: Could not authenticate.
[2026-06-13 15:12:39] Email send failed to info@virungaecotours.com: SMTP Error: Could not authenticate.
[2026-06-13 15:12:39] Some notification emails failed: virungahomestay@gmail.com, info@virungaecotours.com
[2026-06-13 15:12:40] Email send failed to 5agoqih@yi.xwwei.com: SMTP Error: Could not authenticate.
[2026-06-13 15:12:40] Customer contact confirmation failed for 5agoqih@yi.xwwei.com
[2026-06-13 15:14:48] Email send failed to virungahomestay@gmail.com: SMTP Error: Could not authenticate.
[2026-06-13 15:14:49] Email send failed to info@virungaecotours.com: SMTP Error: Could not authenticate.
[2026-06-13 15:14:49] Some notification emails failed: virungahomestay@gmail.com, info@virungaecotours.com
[2026-06-13 15:14:49] Email send failed to lle0nwc@yi.xwwei.com: SMTP Error: Could not authenticate.
[2026-06-13 15:14:49] Customer contact confirmation failed for lle0nwc@yi.xwwei.com
[2026-06-13 15:19:57] Email send failed to virungahomestay@gmail.com: SMTP Error: Could not authenticate.
[2026-06-13 15:19:57] Email send failed to info@virungaecotours.com: SMTP Error: Could not authenticate.
[2026-06-13 15:19:57] Some notification emails failed: virungahomestay@gmail.com, info@virungaecotours.com
[2026-06-13 15:19:58] Email send failed to kgxnkwq@yi.xwwei.com: SMTP Error: Could not authenticate.
[2026-06-13 15:19:58] Customer contact confirmation failed for kgxnkwq@yi.xwwei.com
[2026-06-13 18:17:59] Email send failed to virungahomestay@gmail.com: SMTP Error: Could not authenticate.
[2026-06-13 18:17:59] Email send failed to info@virungaecotours.com: SMTP Error: Could not authenticate.
[2026-06-13 18:17:59] Some notification emails failed: virungahomestay@gmail.com, info@virungaecotours.com
[2026-06-13 18:17:59] Email send failed to 5agoqih@yi.xwwei.com: SMTP Error: Could not authenticate.
[2026-06-13 18:17:59] Customer contact confirmation failed for 5agoqih@yi.xwwei.com
[2026-06-13 18:22:42] Email send failed to virungahomestay@gmail.com: SMTP Error: Could not authenticate.
[2026-06-13 18:22:42] Email send failed to info@virungaecotours.com: SMTP Error: Could not authenticate.
[2026-06-13 18:22:42] Some notification emails failed: virungahomestay@gmail.com, info@virungaecotours.com
[2026-06-13 18:22:42] Email send failed to lle0nwc@yi.xwwei.com: SMTP Error: Could not authenticate.
[2026-06-13 18:22:42] Customer contact confirmation failed for lle0nwc@yi.xwwei.com
[2026-06-13 18:33:09] Email send failed to virungahomestay@gmail.com: SMTP Error: Could not authenticate.
[2026-06-13 18:33:09] Email send failed to info@virungaecotours.com: SMTP Error: Could not authenticate.
[2026-06-13 18:33:09] Some notification emails failed: virungahomestay@gmail.com, info@virungaecotours.com
[2026-06-13 18:33:10] Email send failed to kgxnkwq@yi.xwwei.com: SMTP Error: Could not authenticate.
[2026-06-13 18:33:10] Customer contact confirmation failed for kgxnkwq@yi.xwwei.com
[2026-06-13 21:48:58] Email send failed to virungahomestay@gmail.com: SMTP Error: Could not authenticate.
[2026-06-13 21:48:58] Email send failed to info@virungaecotours.com: SMTP Error: Could not authenticate.
[2026-06-13 21:48:58] Some notification emails failed: virungahomestay@gmail.com, info@virungaecotours.com
[2026-06-13 21:48:59] Email send failed to 5agoqih@yi.xwwei.com: SMTP Error: Could not authenticate.
[2026-06-13 21:48:59] Customer contact confirmation failed for 5agoqih@yi.xwwei.com
[2026-06-13 21:50:47] Email send failed to virungahomestay@gmail.com: SMTP Error: Could not authenticate.
[2026-06-13 21:50:47] Email send failed to info@virungaecotours.com: SMTP Error: Could not authenticate.
[2026-06-13 21:50:47] Some notification emails failed: virungahomestay@gmail.com, info@virungaecotours.com
[2026-06-13 21:50:47] Email send failed to lle0nwc@yi.xwwei.com: SMTP Error: Could not authenticate.
[2026-06-13 21:50:47] Customer contact confirmation failed for lle0nwc@yi.xwwei.com
[2026-06-13 22:04:53] Email send failed to virungahomestay@gmail.com: SMTP Error: Could not authenticate.
[2026-06-13 22:04:54] Email send failed to info@virungaecotours.com: SMTP Error: Could not authenticate.
[2026-06-13 22:04:54] Some notification emails failed: virungahomestay@gmail.com, info@virungaecotours.com
[2026-06-13 22:04:54] Email send failed to kgxnkwq@yi.xwwei.com: SMTP Error: Could not authenticate.
[2026-06-13 22:04:54] Customer contact confirmation failed for kgxnkwq@yi.xwwei.com
[2026-06-14 01:12:30] Email send failed to virungahomestay@gmail.com: SMTP Error: Could not authenticate.
[2026-06-14 01:12:31] Email send failed to info@virungaecotours.com: SMTP Error: Could not authenticate.
[2026-06-14 01:12:31] Some notification emails failed: virungahomestay@gmail.com, info@virungaecotours.com
[2026-06-14 01:12:31] Email send failed to kgxnkwq@yi.xwwei.com: SMTP Error: Could not authenticate.
[2026-06-14 01:12:31] Customer contact confirmation failed for kgxnkwq@yi.xwwei.com
[2026-06-15 14:18:49] Email send failed to virungahomestay@gmail.com: SMTP Error: Could not authenticate.
[2026-06-15 14:18:49] Email send failed to info@virungaecotours.com: SMTP Error: Could not authenticate.
[2026-06-15 14:18:49] Some notification emails failed: virungahomestay@gmail.com, info@virungaecotours.com
[2026-06-15 14:18:50] Email send failed to ishmael41@nolettersbox.com: SMTP Error: Could not authenticate.
[2026-06-15 14:18:50] Customer contact confirmation failed for ishmael41@nolettersbox.com
[2026-06-15 17:05:17] Email send failed to virungahomestay@gmail.com: SMTP Error: Could not authenticate.
[2026-06-15 17:05:18] Email send failed to info@virungaecotours.com: SMTP Error: Could not authenticate.
[2026-06-15 17:05:18] Some notification emails failed: virungahomestay@gmail.com, info@virungaecotours.com
[2026-06-15 17:05:18] Email send failed to ingvar369666@notboxletters.com: SMTP Error: Could not authenticate.
[2026-06-15 17:05:18] Customer contact confirmation failed for ingvar369666@notboxletters.com
[2026-06-15 17:18:22] Email send failed to virungahomestay@gmail.com: SMTP Error: Could not authenticate.
[2026-06-15 17:18:22] Email send failed to info@virungaecotours.com: SMTP Error: Could not authenticate.
[2026-06-15 17:18:22] Some notification emails failed: virungahomestay@gmail.com, info@virungaecotours.com
[2026-06-15 17:18:22] Email send failed to ishmael41@nolettersbox.com: SMTP Error: Could not authenticate.
[2026-06-15 17:18:22] Customer contact confirmation failed for ishmael41@nolettersbox.com
[2026-06-18 21:32:03] Email send failed to virungahomestay@gmail.com: SMTP Error: Could not authenticate.
[2026-06-18 21:32:04] Email send failed to info@virungaecotours.com: SMTP Error: Could not authenticate.
[2026-06-18 21:32:04] Some notification emails failed: virungahomestay@gmail.com, info@virungaecotours.com
[2026-06-18 21:32:04] Email send failed to 1qyu0n@jiu.llanhai.com: SMTP Error: Could not authenticate.
[2026-06-18 21:32:04] Customer contact confirmation failed for 1qyu0n@jiu.llanhai.com
[2026-06-18 21:48:32] Email send failed to virungahomestay@gmail.com: SMTP Error: Could not authenticate.
[2026-06-18 21:48:32] Email send failed to info@virungaecotours.com: SMTP Error: Could not authenticate.
[2026-06-18 21:48:32] Some notification emails failed: virungahomestay@gmail.com, info@virungaecotours.com
[2026-06-18 21:48:32] Email send failed to t3dfq9@jiu.llanhai.com: SMTP Error: Could not authenticate.
[2026-06-18 21:48:32] Customer contact confirmation failed for t3dfq9@jiu.llanhai.com
[2026-06-18 22:41:23] Email send failed to virungahomestay@gmail.com: SMTP Error: Could not authenticate.
[2026-06-18 22:41:23] Email send failed to info@virungaecotours.com: SMTP Error: Could not authenticate.
[2026-06-18 22:41:23] Some notification emails failed: virungahomestay@gmail.com, info@virungaecotours.com
[2026-06-18 22:41:24] Email send failed to 1qyu0n@jiu.llanhai.com: SMTP Error: Could not authenticate.
[2026-06-18 22:41:24] Customer contact confirmation failed for 1qyu0n@jiu.llanhai.com
[2026-06-18 23:07:22] Email send failed to virungahomestay@gmail.com: SMTP Error: Could not authenticate.
[2026-06-18 23:07:22] Email send failed to info@virungaecotours.com: SMTP Error: Could not authenticate.
[2026-06-18 23:07:22] Some notification emails failed: virungahomestay@gmail.com, info@virungaecotours.com
[2026-06-18 23:07:22] Email send failed to t3dfq9@jiu.llanhai.com: SMTP Error: Could not authenticate.
[2026-06-18 23:07:22] Customer contact confirmation failed for t3dfq9@jiu.llanhai.com
[2026-06-19 01:15:24] Email send failed to virungahomestay@gmail.com: SMTP Error: Could not authenticate.
[2026-06-19 01:15:24] Email send failed to info@virungaecotours.com: SMTP Error: Could not authenticate.
[2026-06-19 01:15:24] Some notification emails failed: virungahomestay@gmail.com, info@virungaecotours.com
[2026-06-19 01:15:24] Email send failed to 1qyu0n@jiu.llanhai.com: SMTP Error: Could not authenticate.
[2026-06-19 01:15:24] Customer contact confirmation failed for 1qyu0n@jiu.llanhai.com
[2026-06-19 02:16:16] Email send failed to virungahomestay@gmail.com: SMTP Error: Could not authenticate.
[2026-06-19 02:16:16] Email send failed to info@virungaecotours.com: SMTP Error: Could not authenticate.
[2026-06-19 02:16:16] Some notification emails failed: virungahomestay@gmail.com, info@virungaecotours.com
[2026-06-19 02:16:17] Email send failed to t3dfq9@jiu.llanhai.com: SMTP Error: Could not authenticate.
[2026-06-19 02:16:17] Customer contact confirmation failed for t3dfq9@jiu.llanhai.com
[2026-06-19 02:17:29] Email send failed to virungahomestay@gmail.com: SMTP Error: Could not authenticate.
[2026-06-19 02:17:30] Email send failed to info@virungaecotours.com: SMTP Error: Could not authenticate.
[2026-06-19 02:17:30] Some notification emails failed: virungahomestay@gmail.com, info@virungaecotours.com
[2026-06-19 02:17:30] Email send failed to 1qyu0n@jiu.llanhai.com: SMTP Error: Could not authenticate.
[2026-06-19 02:17:30] Customer contact confirmation failed for 1qyu0n@jiu.llanhai.com
[2026-06-19 03:36:59] Email send failed to virungahomestay@gmail.com: SMTP Error: Could not authenticate.
[2026-06-19 03:37:00] Email send failed to info@virungaecotours.com: SMTP Error: Could not authenticate.
[2026-06-19 03:37:00] Some notification emails failed: virungahomestay@gmail.com, info@virungaecotours.com
[2026-06-19 03:37:00] Email send failed to t3dfq9@jiu.llanhai.com: SMTP Error: Could not authenticate.
[2026-06-19 03:37:00] Customer contact confirmation failed for t3dfq9@jiu.llanhai.com
[2026-06-20 22:22:19] Email send failed to virungahomestay@gmail.com: SMTP Error: Could not authenticate.
[2026-06-20 22:22:20] Email send failed to info@virungaecotours.com: SMTP Error: Could not authenticate.
[2026-06-20 22:22:20] Some notification emails failed: virungahomestay@gmail.com, info@virungaecotours.com
[2026-06-20 22:22:20] Email send failed to asclq0@jiu.llanhai.com: SMTP Error: Could not authenticate.
[2026-06-20 22:22:20] Customer contact confirmation failed for asclq0@jiu.llanhai.com
[2026-06-22 10:03:51] Email send failed to virungahomestay@gmail.com: SMTP Error: Could not authenticate.
[2026-06-22 10:03:51] Email send failed to info@virungaecotours.com: SMTP Error: Could not authenticate.
[2026-06-22 10:03:51] Some notification emails failed: virungahomestay@gmail.com, info@virungaecotours.com
[2026-06-22 10:03:51] Email send failed to kendall.pontiff59@outlook.com: SMTP Error: Could not authenticate.
[2026-06-22 10:03:51] Customer contact confirmation failed for kendall.pontiff59@outlook.com
[2026-06-22 17:21:12] Email send failed to virungahomestay@gmail.com: SMTP Error: Could not authenticate.
[2026-06-22 17:21:12] Email send failed to info@virungaecotours.com: SMTP Error: Could not authenticate.
[2026-06-22 17:21:12] Some notification emails failed: virungahomestay@gmail.com, info@virungaecotours.com
[2026-06-22 17:21:13] Email send failed to unrengona1973@rambler.ru: SMTP Error: Could not authenticate.
[2026-06-22 17:21:13] Customer contact confirmation failed for unrengona1973@rambler.ru
[2026-06-22 17:40:14] Email send failed to virungahomestay@gmail.com: SMTP Error: Could not authenticate.
[2026-06-22 17:40:14] Email send failed to info@virungaecotours.com: SMTP Error: Could not authenticate.
[2026-06-22 17:40:14] Some notification emails failed: virungahomestay@gmail.com, info@virungaecotours.com
[2026-06-22 17:40:15] Email send failed to xzj7wm@si.llanhai.com: SMTP Error: Could not authenticate.
[2026-06-22 17:40:15] Customer contact confirmation failed for xzj7wm@si.llanhai.com
[2026-06-22 19:49:12] Email send failed to virungahomestay@gmail.com: SMTP Error: Could not authenticate.
[2026-06-22 19:49:12] Email send failed to info@virungaecotours.com: SMTP Error: Could not authenticate.
[2026-06-22 19:49:12] Some notification emails failed: virungahomestay@gmail.com, info@virungaecotours.com
[2026-06-22 19:49:13] Email send failed to galina_gavrilova_2000@mail.ru: SMTP Error: Could not authenticate.
[2026-06-22 19:49:13] Customer contact confirmation failed for galina_gavrilova_2000@mail.ru
[2026-06-22 21:13:31] Email send failed to virungahomestay@gmail.com: SMTP Error: Could not authenticate.
[2026-06-22 21:13:31] Email send failed to info@virungaecotours.com: SMTP Error: Could not authenticate.
[2026-06-22 21:13:31] Some notification emails failed: virungahomestay@gmail.com, info@virungaecotours.com
[2026-06-22 21:13:32] Email send failed to galina_gavrilova_2000@mail.ru: SMTP Error: Could not authenticate.
[2026-06-22 21:13:32] Customer contact confirmation failed for galina_gavrilova_2000@mail.ru
